// Jest Snapshot v1, https://goo.gl/fbAQLP

exports[`test App component renders properly 1`] = `ShallowWrapper {}`;
