// Jest Snapshot v1, https://goo.gl/fbAQLP

exports[`test ReactCreate component renders properly 1`] = `ShallowWrapper {}`;
