// Jest Snapshot v1, https://goo.gl/fbAQLP

exports[`test ReactCreate component when routes are not empty renders properly 1`] = `ReactWrapper {}`;
