// Jest Snapshot v1, https://goo.gl/fbAQLP

exports[`test Route component renders properly 1`] = `ReactWrapper {}`;
